[htmldemo.net/mitech/index.html]
[backblue.gif]
[fade.gif]
[index.html]
[htmldemo.net/mitech/assets/images/favicon.webp]
[htmldemo.net/mitech/assets/css/vendor/vendor.min.css]
[htmldemo.net/mitech/assets/css/plugins/plugins.min.css]
[htmldemo.net/mitech/assets/css/style.css]
[htmldemo.net/mitech/index-2.html]
[htmldemo.net/mitech/assets/images/logo/light-logo.webp]
[htmldemo.net/mitech/assets/images/logo/dark-logo.webp]
[htmldemo.net/mitech/element-accordion.html]
[htmldemo.net/mitech/element-box-icon.html]
[htmldemo.net/mitech/element-box-image.html]
[htmldemo.net/mitech/element-box-large-image.html]
[htmldemo.net/mitech/element-buttons.html]
[htmldemo.net/mitech/element-cta.html]
[htmldemo.net/mitech/element-client-logo.html]
[htmldemo.net/mitech/element-countdown.html]
[htmldemo.net/mitech/element-counters.html]
[htmldemo.net/mitech/element-dividers.html]
[htmldemo.net/mitech/element-flexible-image-slider.html]
[htmldemo.net/mitech/element-google-map.html]
[htmldemo.net/mitech/element-gradation.html]
[htmldemo.net/mitech/element-instagram.html]
[htmldemo.net/mitech/element-lists.html]
[htmldemo.net/mitech/element-message-box.html]
[htmldemo.net/mitech/element-popup-video.html]
[htmldemo.net/mitech/element-pricing-box.html]
[htmldemo.net/mitech/element-progress-bar.html]
[htmldemo.net/mitech/element-progress-circle.html]
[htmldemo.net/mitech/element-rows-columns.html]
[htmldemo.net/mitech/element-social-networks.html]
[htmldemo.net/mitech/element-tabs.html]
[htmldemo.net/mitech/element-team-member.html]
[htmldemo.net/mitech/element-testimonials.html]
[htmldemo.net/mitech/element-timeline.html]
[htmldemo.net/mitech/element-carousel-sliders.html]
[htmldemo.net/mitech/element-typed-text.html]
[htmldemo.net/mitech/assets/images/hero/mitech-landing-main-slider-slide-01-image-04.webp]
[htmldemo.net/mitech/assets/images/hero/mitech-landing-main-slider-slide-01-image-01.webp]
[htmldemo.net/mitech/assets/images/hero/mitech-landing-main-slider-slide-01-image-02.webp]
[htmldemo.net/mitech/assets/images/hero/mitech-landing-main-slider-slide-01-image-03.webp]
[htmldemo.net/mitech/assets/images/hero/mitech-landing-main-slider-slide-01-image-05.webp]
[htmldemo.net/mitech/assets/images/icons/mitech-processing-service-image-01-80x83.webp]
[htmldemo.net/mitech/assets/images/icons/mitech-processing-service-image-02-80x83.webp]
[htmldemo.net/mitech/assets/images/icons/mitech-processing-service-image-03-80x83.webp]
[htmldemo.net/mitech/assets/images/icons/mitech-processing-service-image-04-80x83.webp]
[htmldemo.net/mitech/assets/images/icons/mitech-processing-service-image-05-80x83.webp]
[htmldemo.net/mitech/index-appointment.html]
[htmldemo.net/mitech/assets/images/preview/mitech-landing-home-appointment-preview-480x338.webp]
[htmldemo.net/mitech/index-infotechno.html]
[htmldemo.net/mitech/assets/images/preview/mitech-landing-home-infotechno-preview-480x338.webp]
[htmldemo.net/mitech/index-processing.html]
[htmldemo.net/mitech/assets/images/preview/mitech-landing-home-processing-preview-480x338.webp]
[htmldemo.net/mitech/index-services.html]
[htmldemo.net/mitech/assets/images/preview/mitech-landing-home-services-preview-480x338.webp]
[htmldemo.net/mitech/index-resolutions.html]
[htmldemo.net/mitech/assets/images/preview/mitech-landing-home-resolutions-preview-480x338.webp]
[htmldemo.net/mitech/index-cybersecurity.html]
[htmldemo.net/mitech/assets/images/preview/mitech-landing-home-cybersecurity-preview-480x338.webp]
[htmldemo.net/mitech/index-modern-it-company.html]
[htmldemo.net/mitech/assets/images/preview/new-badge.webp]
[htmldemo.net/mitech/assets/images/preview/mitech-landing-home-reputable-success-preview-480x338.webp]
[htmldemo.net/mitech/index-machine-learning.html]
[htmldemo.net/mitech/assets/images/preview/machine_learning-480x338.webp]
[htmldemo.net/mitech/index-software-innovation.html]
[htmldemo.net/mitech/assets/images/preview/software-innovation.webp]
[htmldemo.net/mitech/rtl/index.html]
[htmldemo.net/mitech/assets/images/preview/mitech-landing-case-study-preview.webp]
[htmldemo.net/mitech/case-studies.html]
[htmldemo.net/mitech/blog-list-large-image.html]
[htmldemo.net/mitech/assets/images/preview/mitech-landing-header-preview-image.webp]
[htmldemo.net/mitech/assets/images/preview/mitech-landing-blog-preview.webp]
[htmldemo.net/mitech/assets/images/preview/mitech-landing-plugin-slider-86x86.webp]
[htmldemo.net/mitech/assets/images/preview/mitech-landing-plugin-font-awesome-86x86.webp]
[htmldemo.net/mitech/assets/images/preview/mitech-landing-extended-plugins-preview.webp]
[htmldemo.net/mitech/assets/images/icons/mitech-landing-theme-feature-01-68x68.webp]
[htmldemo.net/mitech/assets/images/icons/mitech-landing-theme-feature-02-68x68.webp]
[htmldemo.net/mitech/assets/images/icons/mitech-landing-theme-feature-03-68x68.webp]
[htmldemo.net/mitech/assets/images/icons/mitech-landing-theme-feature-04-68x68.webp]
[htmldemo.net/mitech/assets/images/icons/mitech-landing-theme-feature-05-68x68.webp]
[htmldemo.net/mitech/assets/images/icons/mitech-landing-theme-feature-06-68x68.webp]
[htmldemo.net/mitech/assets/images/demo-images/home-01.webp]
[htmldemo.net/mitech/assets/images/demo-images/home-02.webp]
[htmldemo.net/mitech/assets/images/demo-images/home-03.webp]
[htmldemo.net/mitech/assets/images/demo-images/home-04.webp]
[htmldemo.net/mitech/assets/images/demo-images/home-05.webp]
[htmldemo.net/mitech/assets/images/demo-images/home-06.webp]
[htmldemo.net/mitech/assets/images/demo-images/modern-it-company.webp]
[htmldemo.net/mitech/assets/images/demo-images/machine-learning.webp]
[htmldemo.net/mitech/assets/images/demo-images/software-innovation.webp]
[htmldemo.net/mitech/assets/images/logo/logo-dark.webp]
[htmldemo.net/mitech/assets/js/vendor/modernizr-2.8.3.min.js]
[htmldemo.net/mitech/assets/js/vendor/jquery-3.5.1.min.js]
[htmldemo.net/mitech/assets/js/vendor/jquery-migrate-3.3.0.min.js]
[htmldemo.net/mitech/assets/js/vendor/bootstrap.min.js]
[htmldemo.net/mitech/assets/js/plugins/plugins.min.js]
[htmldemo.net/mitech/index.html]
[htmldemo.net/mitech/assets/js/main.js]
[htmldemo.net/mitech/assets/fonts/webfonts/fa-brands-400.eot]
[htmldemo.net/mitech/assets/fonts/webfonts/fa-brands-400d41d.eot]
[htmldemo.net/mitech/assets/fonts/webfonts/fa-brands-400.woff2]
[htmldemo.net/mitech/assets/fonts/webfonts/fa-brands-400.woff]
[htmldemo.net/mitech/assets/fonts/webfonts/fa-brands-400.ttf]
[htmldemo.net/mitech/assets/fonts/webfonts/fa-brands-400.svg]
[htmldemo.net/mitech/assets/fonts/webfonts/fa-regular-400.eot]
[htmldemo.net/mitech/assets/fonts/webfonts/fa-regular-400d41d.eot]
[htmldemo.net/mitech/assets/fonts/webfonts/fa-regular-400.woff2]
[htmldemo.net/mitech/assets/fonts/webfonts/fa-regular-400.woff]
[htmldemo.net/mitech/assets/fonts/webfonts/fa-regular-400.ttf]
[htmldemo.net/mitech/assets/fonts/webfonts/fa-regular-400.svg]
[htmldemo.net/mitech/assets/fonts/webfonts/fa-solid-900.eot]
[htmldemo.net/mitech/assets/fonts/webfonts/fa-solid-900d41d.eot]
[htmldemo.net/mitech/assets/fonts/webfonts/fa-solid-900.woff2]
[htmldemo.net/mitech/assets/fonts/webfonts/fa-solid-900.woff]
[htmldemo.net/mitech/assets/fonts/webfonts/fa-solid-900.ttf]
[htmldemo.net/mitech/assets/css/vendor/vendor.min.css]
[htmldemo.net/mitech/assets/fonts/webfonts/fa-solid-900.svg]
[htmldemo.net/mitech/assets/fonts/lgd641.eot]
[htmldemo.net/mitech/assets/fonts/lgd41d.eot]
[htmldemo.net/mitech/assets/fonts/lgd641.woff]
[htmldemo.net/mitech/assets/fonts/lgd641.ttf]
[htmldemo.net/mitech/assets/fonts/lgd641.svg]
[htmldemo.net/mitech/assets/css/img/vimeo-play.webp]
[htmldemo.net/mitech/assets/css/img/video-play.webp]
[htmldemo.net/mitech/assets/css/img/youtube-play.webp]
[htmldemo.net/mitech/assets/img/loading.gif]
[htmldemo.net/mitech/assets/css/plugins/plugins.min.css]
[htmldemo.net/mitech/assets/images/icons/selector-icon.webp]
[htmldemo.net/mitech/assets/images/bg/title-bar-01-bg.webp]
[htmldemo.net/mitech/assets/images/icons/light-close.webp]
[htmldemo.net/mitech/assets/images/patterns/mitech-call-to-action-image-global.webp]
[htmldemo.net/mitech/assets/images/patterns/mitech-home-appointment-call-to-action-bg-image.webp]
[htmldemo.net/mitech/assets/images/bg/home-resolutions-hero-bg-image.webp]
[htmldemo.net/mitech/assets/images/patterns/mitech-home-infotechno-case-study-section-bg.webp]
[htmldemo.net/mitech/assets/images/bg/home-appointment-contact-bg-image.webp]
[htmldemo.net/mitech/assets/images/bg/mitech-home-services-contact-bg.webp]
[htmldemo.net/mitech/assets/images/bg/mitech-processing-contact-bg.webp]
[htmldemo.net/mitech/assets/images/bg/home-infotechno-contact-bg.webp]
[htmldemo.net/mitech/assets/images/icons/quote.webp]
[htmldemo.net/mitech/assets/images/icons/metro-quote.webp]
[htmldemo.net/mitech/assets/images/patterns/mitech-home-infotechno-section-company-bg.webp]
[htmldemo.net/mitech/assets/images/bg/home-infotechno-video-intro-bg.webp]
[htmldemo.net/mitech/assets/images/hero/slider-processing-slide-01-bg.webp]
[htmldemo.net/mitech/assets/images/hero/home-appointment-hero-bg-image.webp]
[htmldemo.net/mitech/assets/images/hero/home-services-hero-bg.webp]
[htmldemo.net/mitech/assets/images/icons/hero-selector-icon.webp]
[htmldemo.net/mitech/assets/images/hero/home-resolutions-hero-bg-image.webp]
[htmldemo.net/mitech/assets/images/bg/contact-us-01-hero-bg.webp]
[htmldemo.net/mitech/assets/images/bg/mitech-slider-cybersecurity-global-image.webp]
[htmldemo.net/mitech/assets/images/hero/mitech-landing-main-slider-bg.webp]
[htmldemo.net/mitech/assets/images/preview/mitech-landing-header-preview-bg.webp]
[htmldemo.net/mitech/assets/images/preview/mitech-landing-footer-bg-01.webp]
[htmldemo.net/mitech/assets/images/bg/bg-gird-pattern-repeat-alt.webp]
[htmldemo.net/mitech/assets/images/patterns/home-reputable-success-about-shape.webp]
[htmldemo.net/mitech/assets/images/bg/home-reputable-success-section-story-bg.webp]
[htmldemo.net/mitech/assets/images/hero/new-slider-bg.webp]
[htmldemo.net/mitech/assets/images/bg/n-1-bg.webp]
[htmldemo.net/mitech/assets/images/bg/n-2-bg.webp]
[htmldemo.net/mitech/assets/images/bg/new-cta-bg.webp]
[htmldemo.net/mitech/assets/images/bg/n-3-bg.webp]
[htmldemo.net/mitech/assets/images/bg/soft-s2-bg.webp]
[htmldemo.net/mitech/assets/images/bg/soft-s5-bg.webp]
[htmldemo.net/mitech/assets/css/style.css]
[www.googletagmanager.com/gtm5445.html]
[htmldemo.net/mitech/index-2.html]
[htmldemo.net/mitech/about-us-01.html]
[htmldemo.net/mitech/about-us-02.html]
[htmldemo.net/mitech/contact-us.html]
[htmldemo.net/mitech/leadership.html]
[htmldemo.net/mitech/why-choose-us.html]
[htmldemo.net/mitech/our-history.html]
[htmldemo.net/mitech/faqs.html]
[htmldemo.net/mitech/careers.html]
[htmldemo.net/mitech/pricing-plans.html]
[htmldemo.net/mitech/it-services.html]
[htmldemo.net/mitech/managed-it-service.html]
[htmldemo.net/mitech/industries.html]
[htmldemo.net/mitech/business-solution.html]
[htmldemo.net/mitech/it-services-details.html]
[htmldemo.net/mitech/case-studies-02.html]
[htmldemo.net/mitech/single-smart-vision.html]
[htmldemo.net/mitech/blog-list-left-large-image.html]
[htmldemo.net/mitech/blog-grid-classic.html]
[htmldemo.net/mitech/blog-grid-masonry.html]
[htmldemo.net/mitech/blog-post-layout-one.html]
[htmldemo.net/mitech/blog-post-right-sidebar.html]
[htmldemo.net/mitech/blog-post-no-sidebar.html]
[htmldemo.net/mitech/assets/images/flags/en.webp]
[htmldemo.net/mitech/assets/images/flags/fr.webp]
[htmldemo.net/mitech/assets/images/flags/de.webp]
[htmldemo.net/mitech/assets/images/logo/dark-logo-160x48.webp]
[htmldemo.net/mitech/assets/images/icons/aeroland-button-google-play.webp]
[htmldemo.net/mitech/element-accordion.html]
[htmldemo.net/mitech/assets/images/icons/aeroland-button-app-store.webp]
[htmldemo.net/mitech/assets/images/svg/linea-basic-heart.svg]
[htmldemo.net/mitech/assets/images/svg/linea-basic-case.svg]
[htmldemo.net/mitech/assets/images/svg/linea-basic-alarm.svg]
[htmldemo.net/mitech/assets/images/svg/linea-basic-geolocalize-05.svg]
[htmldemo.net/mitech/assets/images/svg/linea-ecommerce-money.svg]
[htmldemo.net/mitech/assets/images/svg/linea-basic-spread-text-bookmark.svg]
[htmldemo.net/mitech/assets/images/svg/linea-music-headphones.svg]
[htmldemo.net/mitech/element-box-icon.html]
[htmldemo.net/mitech/assets/images/svg/linea-basic-gear.svg]
[htmldemo.net/mitech/assets/images/icons/mitech-box-image-style-01-image-01-100x108.webp]
[htmldemo.net/mitech/assets/images/icons/mitech-box-image-style-01-image-02-100x108.webp]
[htmldemo.net/mitech/assets/images/icons/mitech-box-image-style-01-image-03-100x108.webp]
[htmldemo.net/mitech/assets/images/icons/mitech-box-image-style-01-image-04-100x108.webp]
[htmldemo.net/mitech/assets/images/icons/mitech-box-image-style-01-image-05-100x108.webp]
[htmldemo.net/mitech/assets/images/icons/mitech-box-image-style-01-image-06-100x108.webp]
[htmldemo.net/mitech/assets/images/icons/mitech-processing-service-image-06-80x83.webp]
[htmldemo.net/mitech/assets/images/icons/mitech-box-image-style-05-image-01-60x60.webp]
[htmldemo.net/mitech/assets/images/icons/mitech-box-image-style-05-image-02-60x60.webp]
[htmldemo.net/mitech/assets/images/icons/mitech-box-image-style-05-image-03-60x60.webp]
[htmldemo.net/mitech/assets/images/icons/mitech-box-image-style-05-image-04-60x60.webp]
[htmldemo.net/mitech/assets/images/icons/mitech-box-image-style-05-image-05-60x60.webp]
[htmldemo.net/mitech/assets/images/icons/mitech-box-image-style-05-image-06-60x60.webp]
[htmldemo.net/mitech/assets/images/icons/mitech-home-resolutions-box-image-01-100x98.webp]
[htmldemo.net/mitech/assets/images/icons/mitech-home-resolutions-box-image-01-hover-100x98.webp]
[htmldemo.net/mitech/assets/images/icons/mitech-home-resolutions-box-image-02-100x98.webp]
[htmldemo.net/mitech/assets/images/icons/mitech-home-resolutions-box-image-02-hover-100x98.webp]
[htmldemo.net/mitech/assets/images/icons/mitech-home-resolutions-box-image-03-100x98.webp]
[htmldemo.net/mitech/assets/images/icons/mitech-home-resolutions-box-image-03-hover-100x98.webp]
[htmldemo.net/mitech/assets/images/icons/mitech-box-image-style-06-image-01-120x120.webp]
[htmldemo.net/mitech/assets/images/icons/mitech-box-image-style-06-image-02-120x120.webp]
[htmldemo.net/mitech/assets/images/icons/mitech-box-image-style-06-image-03-120x120.webp]
[htmldemo.net/mitech/element-box-image.html]
[htmldemo.net/mitech/assets/images/box-image/blog-01-330x330.webp]
[htmldemo.net/mitech/assets/images/box-image/mitech-home-infotechno-box-large-image-02-330x330.webp]
[htmldemo.net/mitech/assets/images/box-image/mitech-home-infotechno-box-large-image-03-330x330.webp]
[htmldemo.net/mitech/assets/images/box-image/blog-01-480x298.webp]
[htmldemo.net/mitech/assets/images/box-image/mitech-home-infotechno-box-large-image-03-480x298.webp]
[htmldemo.net/mitech/assets/images/box-image/mitech-home-infotechno-box-large-image-02-480x298.webp]
[htmldemo.net/mitech/element-box-large-image.html]
[htmldemo.net/mitech/assets/images/icons/aeroland-black-button-google-play.webp]
[htmldemo.net/mitech/element-buttons.html]
[htmldemo.net/mitech/element-cta.html]
[htmldemo.net/mitech/assets/images/brand/mitech-client-logo-01.webp]
[htmldemo.net/mitech/assets/images/brand/mitech-client-logo-01-hover.webp]
[htmldemo.net/mitech/assets/images/brand/mitech-client-logo-02.webp]
[htmldemo.net/mitech/assets/images/brand/mitech-client-logo-02-hover.webp]
[htmldemo.net/mitech/assets/images/brand/mitech-client-logo-03.webp]
[htmldemo.net/mitech/assets/images/brand/mitech-client-logo-03-hover.webp]
[htmldemo.net/mitech/assets/images/brand/mitech-client-logo-04.webp]
[htmldemo.net/mitech/assets/images/brand/mitech-client-logo-04-hover.webp]
[htmldemo.net/mitech/assets/images/brand/mitech-client-logo-05.webp]
[htmldemo.net/mitech/assets/images/brand/mitech-client-logo-05-hover.webp]
[htmldemo.net/mitech/assets/images/brand/mitech-client-logo-06.webp]
[htmldemo.net/mitech/assets/images/brand/mitech-client-logo-06-hover.webp]
[htmldemo.net/mitech/assets/images/brand/mitech-client-logo-07.webp]
[htmldemo.net/mitech/assets/images/brand/mitech-client-logo-07-hover.webp]
[htmldemo.net/mitech/assets/images/brand/mitech-client-logo-08.webp]
[htmldemo.net/mitech/assets/images/brand/mitech-client-logo-08-hover.webp]
[htmldemo.net/mitech/assets/images/brand/mitech-client-logo-09.webp]
[htmldemo.net/mitech/assets/images/brand/mitech-client-logo-09-hover.webp]
[htmldemo.net/mitech/element-client-logo.html]
[htmldemo.net/mitech/element-countdown.html]
[htmldemo.net/mitech/element-counters.html]
[htmldemo.net/mitech/element-dividers.html]
[htmldemo.net/mitech/assets/images/blog/blog-02-1170x600.webp]
[htmldemo.net/mitech/assets/images/blog/blog-03-1170x600.webp]
[htmldemo.net/mitech/assets/images/blog/blog-04-1170x600.webp]
[htmldemo.net/mitech/assets/images/blog/blog-05-1170x600.webp]
[htmldemo.net/mitech/assets/images/blog/blog-02-500x338.webp]
[htmldemo.net/mitech/assets/images/blog/blog-03-500x338.webp]
[htmldemo.net/mitech/assets/images/blog/blog-04-500x338.webp]
[htmldemo.net/mitech/assets/images/blog/blog-05-500x338.webp]
[htmldemo.net/mitech/assets/images/blog/blog-02-900x678.webp]
[htmldemo.net/mitech/assets/images/blog/blog-03-900x678.webp]
[htmldemo.net/mitech/assets/images/blog/blog-04-900x678.webp]
[htmldemo.net/mitech/assets/images/blog/blog-05-900x678.webp]
[htmldemo.net/mitech/assets/images/blog/blog-02-1018x678.webp]
[htmldemo.net/mitech/assets/images/blog/blog-03-1017x678.webp]
[htmldemo.net/mitech/assets/images/blog/blog-04-1034x678.webp]
[htmldemo.net/mitech/assets/images/blog/blog-05-1206x678.webp]
[htmldemo.net/mitech/element-flexible-image-slider.html]
[htmldemo.net/mitech/element-google-map.html]
[htmldemo.net/mitech/element-gradation.html]
[htmldemo.net/mitech/element-instagram.html]
[htmldemo.net/mitech/element-lists.html]
[htmldemo.net/mitech/element-message-box.html]
[htmldemo.net/mitech/assets/images/bg/home-processing-video-intro-slider-slide-01-image-01-570x420.webp]
[htmldemo.net/mitech/element-popup-video.html]
[htmldemo.net/mitech/assets/images/icons/mitech-pricing-box-icon-01-90x90.webp]
[htmldemo.net/mitech/assets/images/icons/mitech-pricing-box-icon-02-88x88.webp]
[htmldemo.net/mitech/assets/images/icons/mitech-pricing-box-icon-03-90x90.webp]
[htmldemo.net/mitech/element-pricing-box.html]
[htmldemo.net/mitech/element-progress-bar.html]
[htmldemo.net/mitech/element-progress-circle.html]
[htmldemo.net/mitech/assets/js/plugins/wow.min.js]
[htmldemo.net/mitech/assets/js/plugins/swiper.min.js]
[htmldemo.net/mitech/assets/js/plugins/lightgallery.min.js]
[htmldemo.net/mitech/assets/js/plugins/waypoints.min.js]
[htmldemo.net/mitech/assets/js/plugins/countdown.min.js]
[htmldemo.net/mitech/assets/js/plugins/isotope.min.js]
[htmldemo.net/mitech/assets/js/plugins/masonry.min.js]
[htmldemo.net/mitech/assets/js/plugins/images-loaded.min.js]
[htmldemo.net/mitech/assets/js/plugins/wavify.js]
[htmldemo.net/mitech/assets/js/plugins/jquery.wavify.js]
[htmldemo.net/mitech/assets/js/plugins/circle-progress.min.js]
[htmldemo.net/mitech/assets/js/plugins/counterup.min.js]
[htmldemo.net/mitech/assets/js/plugins/animation-text.min.js]
[htmldemo.net/mitech/assets/js/plugins/vivus.min.js]
[htmldemo.net/mitech/assets/js/plugins/some-plugins.js]
[htmldemo.net/mitech/assets/js/plugins/jquery.validate.min.js]
[htmldemo.net/mitech/element-rows-columns.html]
[htmldemo.net/mitech/element-social-networks.html]
[htmldemo.net/mitech/assets/js/plugins/ajax.js]
[htmldemo.net/mitech/assets/images/bg/home-processing-video-intro-slider-slide-01-image-01-570x350.webp]
[htmldemo.net/mitech/assets/images/award/mitech-company-award-01-161x110.webp]
[htmldemo.net/mitech/assets/images/award/mitech-company-award-02-161x116.webp]
[htmldemo.net/mitech/assets/images/award/mitech-company-award-03-161x112.webp]
[htmldemo.net/mitech/element-tabs.html]
[htmldemo.net/mitech/assets/images/award/mitech-company-award-04-161x109.webp]
[htmldemo.net/mitech/assets/images/team/team-member-01-370x250.webp]
[htmldemo.net/mitech/assets/images/team/team-member-07-370x250.webp]
[htmldemo.net/mitech/assets/images/team/team-member-04-370x250.webp]
[htmldemo.net/mitech/assets/images/team/team-member-02-370x250.webp]
[htmldemo.net/mitech/assets/images/team/team-member-07-370x455.webp]
[htmldemo.net/mitech/assets/images/team/team-member-01-370x455.webp]
[htmldemo.net/mitech/assets/images/team/team-member-06-370x455.webp]
[htmldemo.net/mitech/assets/images/team/team-member-04-370x452.webp]
[htmldemo.net/mitech/assets/images/team/team-member-05-370x452.webp]
[htmldemo.net/mitech/assets/images/team/team-member-03-370x452.webp]
[htmldemo.net/mitech/assets/images/team/team-member-02-370x452.webp]
[htmldemo.net/mitech/element-team-member.html]
[htmldemo.net/mitech/assets/images/testimonial/mitech-testimonial-avata-02-90x90.webp]
[htmldemo.net/mitech/assets/images/testimonial/mitech-testimonial-avata-03-90x90.webp]
[htmldemo.net/mitech/assets/images/testimonial/mitech-testimonial-avata-04-90x90.webp]
[htmldemo.net/mitech/assets/images/testimonial/mitech-testimonial-avata-01-90x90.webp]
[htmldemo.net/mitech/assets/images/testimonial/mitech-testimonial-avata-04-70x70.webp]
[htmldemo.net/mitech/assets/images/testimonial/mitech-testimonial-avata-02-70x70.webp]
[htmldemo.net/mitech/assets/images/testimonial/mitech-testimonial-avata-01-70x70.webp]
[htmldemo.net/mitech/assets/images/testimonial/mitech-testimonial-avata-03-70x70.webp]
[htmldemo.net/mitech/element-testimonials.html]
[htmldemo.net/mitech/assets/images/timeline/timeline-image-01.webp]
[htmldemo.net/mitech/assets/images/timeline/timeline-image-02.webp]
[htmldemo.net/mitech/assets/images/timeline/blog-07-500x350.webp]
[htmldemo.net/mitech/element-timeline.html]
[htmldemo.net/mitech/element-carousel-sliders.html]
[htmldemo.net/mitech/element-typed-text.html]
[htmldemo.net/mitech/assets/images/projects/case-study-01-480x298.webp]
[htmldemo.net/mitech/assets/images/projects/case-study-02-480x298.webp]
[htmldemo.net/mitech/assets/images/projects/case-study-03-480x298.webp]
[htmldemo.net/mitech/assets/images/projects/case-study-04-480x298.webp]
[htmldemo.net/mitech/index-appointment.html]
[htmldemo.net/mitech/assets/images/hero/home-infotechno-main-slider-slide-01-image-01.webp]
[htmldemo.net/mitech/assets/images/hero/home-infotechno-main-slider-slide-01-image-02.webp]
[htmldemo.net/mitech/assets/images/blog/blog-03-370x230.webp]
[htmldemo.net/mitech/assets/images/blog/blog-02-370x230.webp]
[htmldemo.net/mitech/index-infotechno.html]
[htmldemo.net/mitech/assets/images/hero/slider-processing-slide-01-image-01.webp]
[htmldemo.net/mitech/assets/images/banners/home-processing-video-intro-slider-slide-01-image-02.webp]
[htmldemo.net/mitech/assets/images/banners/home-processing-video-intro-slider-slide-01-image-03.webp]
[htmldemo.net/mitech/assets/images/banners/home-processing-video-intro-slider-slide-01-image-01.webp]
[htmldemo.net/mitech/assets/images/banners/home-processing-video-intro-slider-slide-01-image-04.webp]
[htmldemo.net/mitech/assets/images/banners/home-processing-video-intro-slider-slide-01-image-05.webp]
[htmldemo.net/mitech/index-processing.html]
[htmldemo.net/mitech/assets/images/features/home-services-case-study-slide-image-01.webp]
[htmldemo.net/mitech/assets/images/features/home-services-case-study-slide-image-02.webp]
[htmldemo.net/mitech/assets/images/blog/blog-03-540x330.webp]
[htmldemo.net/mitech/assets/images/team/admin.webp]
[htmldemo.net/mitech/assets/images/blog/blog-01-480x312.webp]
[htmldemo.net/mitech/assets/images/blog/blog-08-480x312.webp]
[htmldemo.net/mitech/assets/images/team/admin-02.webp]
[htmldemo.net/mitech/assets/images/blog/blog-07-480x312.webp]
[htmldemo.net/mitech/index-services.html]
[htmldemo.net/mitech/index-resolutions.html]
[htmldemo.net/mitech/assets/images/hero/mitech-slider-cybersecurity-global-image.webp]
[htmldemo.net/mitech/assets/images/hero/slider-cybersecurity-slide-01-image-01.webp]
[htmldemo.net/mitech/assets/images/other/mitech-slider-client-logos-logo-02.webp]
[htmldemo.net/mitech/assets/images/other/mitech-slider-client-logos-logo-03.webp]
[htmldemo.net/mitech/assets/images/other/mitech-slider-client-logos-logo-04.webp]
[htmldemo.net/mitech/assets/images/other/mitech-slider-client-logos-logo-05.webp]
[htmldemo.net/mitech/assets/images/other/mitech-slider-client-logos-logo-01.webp]
[htmldemo.net/mitech/assets/images/other/mitech-slider-client-logos-logo-06.webp]
[htmldemo.net/mitech/assets/images/other/mitech-slider-client-logos-logo-07.webp]
[htmldemo.net/mitech/assets/images/banners/home-cybersecurity-contact-bg-image.webp]
[htmldemo.net/mitech/index-cybersecurity.html]
[htmldemo.net/mitech/assets/images/hero/home-reputable-success.webp]
[htmldemo.net/mitech/assets/images/icons/green-curve-arrow.webp]
[htmldemo.net/mitech/assets/images/testimonial/home-reputable-success-about-image.webp]
[htmldemo.net/mitech/assets/images/icons/mitech-processing-service-image-01-100x104.webp]
[htmldemo.net/mitech/assets/images/icons/mitech-processing-service-image-02-100x104.webp]
[htmldemo.net/mitech/assets/images/icons/mitech-processing-service-image-03-100x104.webp]
[htmldemo.net/mitech/assets/images/icons/mitech-processing-service-image-04-100x104.webp]
[htmldemo.net/mitech/assets/images/icons/mitech-processing-service-image-05-100x104.webp]
[htmldemo.net/mitech/assets/images/icons/mitech-processing-service-image-06-100x104.webp]
[htmldemo.net/mitech/assets/images/projects/home-reputable-success-client-image-05-480x360.webp]
[htmldemo.net/mitech/assets/images/icons/home-reputable-success-client-logo-04.webp]
[htmldemo.net/mitech/assets/images/projects/home-reputable-success-client-image-06-480x360.webp]
[htmldemo.net/mitech/assets/images/icons/home-reputable-success-client-logo-06.webp]
[htmldemo.net/mitech/assets/images/projects/home-reputable-success-client-image-01-480x360.webp]
[htmldemo.net/mitech/assets/images/icons/home-reputable-success-client-logo-01.webp]
[htmldemo.net/mitech/assets/images/projects/home-reputable-success-client-image-02-480x360.webp]
[htmldemo.net/mitech/assets/images/icons/home-reputable-success-client-logo-02.webp]
[htmldemo.net/mitech/assets/images/projects/home-reputable-success-client-image-03-480x360.webp]
[htmldemo.net/mitech/assets/images/icons/home-reputable-success-client-logo-03.webp]
[htmldemo.net/mitech/assets/images/logo/primary-white-logo-160x47.webp]
[htmldemo.net/mitech/index-modern-it-company.html]
[htmldemo.net/mitech/assets/images/banners/n-popup.webp]
[htmldemo.net/mitech/assets/images/icons/n-icon-1.webp]
[htmldemo.net/mitech/assets/images/icons/n-icon-1-white.webp]
[htmldemo.net/mitech/assets/images/icons/n-icon-2.webp]
[htmldemo.net/mitech/assets/images/icons/n-icon-2-white.webp]
[htmldemo.net/mitech/assets/images/icons/n-icon-3.webp]
[htmldemo.net/mitech/assets/images/icons/n-icon-3-white.webp]
[htmldemo.net/mitech/assets/images/testimonial/home-cybersecurity-contact-bg-image.webp]
[htmldemo.net/mitech/assets/images/testimonial/home-infotechno-main-slider-slide-01-image-02-587x572.webp]
[htmldemo.net/mitech/index-machine-learning.html]
[htmldemo.net/mitech/assets/images/hero/soft-01.webp]
[htmldemo.net/mitech/assets/images/icons/soft-s1-01-120x120.webp]
[htmldemo.net/mitech/assets/images/icons/soft-s1-02-120x120.webp]
[htmldemo.net/mitech/assets/images/icons/soft-s1-03-120x120.webp]
[htmldemo.net/mitech/assets/images/banners/soft-s2-01.webp]
[htmldemo.net/mitech/assets/images/icons/soft-s3-01.webp]
[htmldemo.net/mitech/assets/images/icons/soft-s3-02.webp]
[htmldemo.net/mitech/assets/images/icons/soft-s3-03.webp]
[htmldemo.net/mitech/assets/images/icons/soft-s3-04.webp]
[htmldemo.net/mitech/assets/images/icons/soft-s3-05.webp]
[htmldemo.net/mitech/assets/images/icons/soft-s3-06.webp]
[htmldemo.net/mitech/assets/images/icons/soft-s3-07.webp]
[htmldemo.net/mitech/assets/images/icons/soft-s3-08.webp]
[htmldemo.net/mitech/assets/images/banners/soft-s5-img.webp]
[htmldemo.net/mitech/index-software-innovation.html]
[htmldemo.net/mitech/assets/images/blog/blog-01-370x230.webp]
[htmldemo.net/mitech/rtl/assets/images/favicon.webp]
[htmldemo.net/mitech/rtl/assets/css/vendor/vendor.min.css]
[htmldemo.net/mitech/rtl/assets/css/plugins/plugins.min.css]
[htmldemo.net/mitech/rtl/assets/css/style.css]
[htmldemo.net/mitech/rtl/assets/images/logo/light-logo.webp]
[htmldemo.net/mitech/rtl/assets/images/logo/dark-logo.webp]
[htmldemo.net/mitech/rtl/element-accordion.html]
[htmldemo.net/mitech/rtl/element-box-icon.html]
[htmldemo.net/mitech/rtl/element-box-image.html]
[htmldemo.net/mitech/rtl/element-box-large-image.html]
[htmldemo.net/mitech/rtl/element-buttons.html]
[htmldemo.net/mitech/rtl/element-cta.html]
[htmldemo.net/mitech/rtl/element-client-logo.html]
[htmldemo.net/mitech/rtl/element-countdown.html]
[htmldemo.net/mitech/rtl/element-counters.html]
[htmldemo.net/mitech/rtl/element-dividers.html]
[htmldemo.net/mitech/rtl/element-flexible-image-slider.html]
[htmldemo.net/mitech/rtl/element-google-map.html]
[htmldemo.net/mitech/rtl/element-gradation.html]
[htmldemo.net/mitech/rtl/element-instagram.html]
[htmldemo.net/mitech/rtl/element-lists.html]
[htmldemo.net/mitech/rtl/element-message-box.html]
[htmldemo.net/mitech/rtl/element-popup-video.html]
[htmldemo.net/mitech/rtl/element-pricing-box.html]
[htmldemo.net/mitech/rtl/element-progress-bar.html]
[htmldemo.net/mitech/rtl/element-progress-circle.html]
[htmldemo.net/mitech/rtl/element-rows-columns.html]
[htmldemo.net/mitech/rtl/element-social-networks.html]
[htmldemo.net/mitech/rtl/element-tabs.html]
[htmldemo.net/mitech/rtl/element-team-member.html]
[htmldemo.net/mitech/rtl/element-testimonials.html]
[htmldemo.net/mitech/rtl/element-timeline.html]
[htmldemo.net/mitech/rtl/element-carousel-sliders.html]
[htmldemo.net/mitech/rtl/element-typed-text.html]
[htmldemo.net/mitech/rtl/assets/images/hero/mitech-landing-main-slider-slide-01-image-04.webp]
[htmldemo.net/mitech/rtl/assets/images/hero/mitech-landing-main-slider-slide-01-image-01.webp]
[htmldemo.net/mitech/rtl/assets/images/hero/mitech-landing-main-slider-slide-01-image-02.webp]
[htmldemo.net/mitech/rtl/assets/images/hero/mitech-landing-main-slider-slide-01-image-03.webp]
[htmldemo.net/mitech/rtl/assets/images/hero/mitech-landing-main-slider-slide-01-image-05.webp]
[htmldemo.net/mitech/rtl/assets/images/icons/mitech-processing-service-image-01-80x83.webp]
[htmldemo.net/mitech/rtl/assets/images/icons/mitech-processing-service-image-02-80x83.webp]
[htmldemo.net/mitech/rtl/assets/images/icons/mitech-processing-service-image-03-80x83.webp]
[htmldemo.net/mitech/rtl/assets/images/icons/mitech-processing-service-image-04-80x83.webp]
[htmldemo.net/mitech/rtl/assets/images/icons/mitech-processing-service-image-05-80x83.webp]
[htmldemo.net/mitech/rtl/index-appointment.html]
[htmldemo.net/mitech/rtl/assets/images/preview/mitech-landing-home-appointment-preview-480x338.webp]
[htmldemo.net/mitech/rtl/index-infotechno.html]
[htmldemo.net/mitech/rtl/assets/images/preview/mitech-landing-home-infotechno-preview-480x338.webp]
[htmldemo.net/mitech/rtl/index-processing.html]
[htmldemo.net/mitech/rtl/assets/images/preview/mitech-landing-home-processing-preview-480x338.webp]
[htmldemo.net/mitech/rtl/index-services.html]
[htmldemo.net/mitech/rtl/assets/images/preview/mitech-landing-home-services-preview-480x338.webp]
[htmldemo.net/mitech/rtl/index-resolutions.html]
[htmldemo.net/mitech/rtl/assets/images/preview/mitech-landing-home-resolutions-preview-480x338.webp]
[htmldemo.net/mitech/rtl/index-cybersecurity.html]
[htmldemo.net/mitech/rtl/assets/images/preview/mitech-landing-home-cybersecurity-preview-480x338.webp]
[htmldemo.net/mitech/rtl/index-modern-it-company.html]
[htmldemo.net/mitech/rtl/assets/images/preview/new-badge.webp]
[htmldemo.net/mitech/rtl/assets/images/preview/mitech-landing-home-reputable-success-preview-480x338.webp]
[htmldemo.net/mitech/rtl/index-machine-learning.html]
[htmldemo.net/mitech/rtl/assets/images/preview/machine_learning-480x338.webp]
[htmldemo.net/mitech/rtl/index-software-innovation.html]
[htmldemo.net/mitech/rtl/assets/images/preview/software-innovation.webp]
[htmldemo.net/mitech/rtl/assets/images/preview/mitech-landing-case-study-preview.webp]
[htmldemo.net/mitech/rtl/case-studies.html]
[htmldemo.net/mitech/rtl/blog-list-large-image.html]
[htmldemo.net/mitech/rtl/assets/images/preview/mitech-landing-header-preview-image.webp]
[htmldemo.net/mitech/rtl/assets/images/preview/mitech-landing-blog-preview.webp]
[htmldemo.net/mitech/rtl/assets/images/preview/mitech-landing-plugin-slider-86x86.webp]
[htmldemo.net/mitech/rtl/assets/images/preview/mitech-landing-plugin-font-awesome-86x86.webp]
[htmldemo.net/mitech/rtl/assets/images/preview/mitech-landing-extended-plugins-preview.webp]
[htmldemo.net/mitech/rtl/assets/images/icons/mitech-landing-theme-feature-01-68x68.webp]
[htmldemo.net/mitech/rtl/assets/images/icons/mitech-landing-theme-feature-02-68x68.webp]
[htmldemo.net/mitech/rtl/assets/images/icons/mitech-landing-theme-feature-03-68x68.webp]
[htmldemo.net/mitech/rtl/assets/images/icons/mitech-landing-theme-feature-04-68x68.webp]
[htmldemo.net/mitech/rtl/assets/images/icons/mitech-landing-theme-feature-05-68x68.webp]
[htmldemo.net/mitech/rtl/assets/images/icons/mitech-landing-theme-feature-06-68x68.webp]
[htmldemo.net/mitech/rtl/assets/images/demo-images/home-01.webp]
[htmldemo.net/mitech/rtl/assets/images/demo-images/home-02.webp]
[htmldemo.net/mitech/rtl/assets/images/demo-images/home-03.webp]
[htmldemo.net/mitech/rtl/assets/images/demo-images/home-04.webp]
[htmldemo.net/mitech/rtl/assets/images/demo-images/home-05.webp]
[htmldemo.net/mitech/rtl/assets/images/demo-images/home-06.webp]
[htmldemo.net/mitech/rtl/assets/images/demo-images/modern-it-company.webp]
[htmldemo.net/mitech/rtl/assets/images/demo-images/machine-learning.webp]
[htmldemo.net/mitech/rtl/assets/images/demo-images/software-innovation.webp]
[htmldemo.net/mitech/rtl/assets/images/logo/logo-dark.webp]
[htmldemo.net/mitech/rtl/assets/js/vendor/modernizr-2.8.3.min.js]
[htmldemo.net/mitech/rtl/assets/js/vendor/jquery-3.5.1.min.js]
[htmldemo.net/mitech/rtl/assets/js/vendor/jquery-migrate-3.3.0.min.js]
[htmldemo.net/mitech/rtl/assets/js/vendor/bootstrap.min.js]
[htmldemo.net/mitech/rtl/assets/js/plugins/plugins.min.js]
[htmldemo.net/mitech/rtl/index.html]
[htmldemo.net/mitech/rtl/assets/js/main.js]
[htmldemo.net/mitech/assets/images/projects/case-study-05-480x298.webp]
[htmldemo.net/mitech/assets/images/projects/case-study-06-480x298.webp]
[htmldemo.net/mitech/case-studies.html]
[htmldemo.net/mitech/assets/images/blog/blog-sidebar-ads.webp]
[htmldemo.net/mitech/assets/images/blog/blog-08-770x420.webp]
[htmldemo.net/mitech/assets/images/blog/blog-07-770x420.webp]
[htmldemo.net/mitech/assets/images/blog/blog-05-770x420.webp]
[htmldemo.net/mitech/blog-list-large-image.html]
[htmldemo.net/mitech/assets/images/blog/blog-02-770x420.webp]
[htmldemo.net/mitech/assets/fonts/webfonts/fa-brands-400.svg]
[htmldemo.net/mitech/assets/fonts/webfonts/fa-regular-400.svg]
[htmldemo.net/mitech/assets/fonts/webfonts/fa-solid-900.svg]
[htmldemo.net/mitech/assets/fonts/lgd641.svg]
[htmldemo.net/mitech/assets/css/img/vimeo-play.html]
[htmldemo.net/mitech/assets/css/img/video-play.html]
[htmldemo.net/mitech/assets/css/img/youtube-play.html]
[htmldemo.net/mitech/assets/img/loading.html]
[htmldemo.net/mitech/assets/images/icons/metro-quote.html]
[htmldemo.net/mitech/assets/images/banners/managed-it-services-book-cover.webp]
[htmldemo.net/mitech/about-us-01.html]
[htmldemo.net/mitech/assets/images/gallery/blog-07-960x960.webp]
[htmldemo.net/mitech/assets/images/gallery/careers-gallery-image-01-960x960.webp]
[htmldemo.net/mitech/assets/images/gallery/blog-08-960x960.webp]
[htmldemo.net/mitech/assets/images/gallery/blog-06-960x960.webp]
[htmldemo.net/mitech/about-us-02.html]
[htmldemo.net/mitech/contact-us.html]
[htmldemo.net/mitech/leadership.html]
[htmldemo.net/mitech/why-choose-us.html]
[htmldemo.net/mitech/our-history.html]
[htmldemo.net/mitech/assets/images/bg/faqs-video-poster.webp]
[htmldemo.net/mitech/faqs.html]
[htmldemo.net/mitech/careers.html]
[htmldemo.net/mitech/pricing-plans.html]
[htmldemo.net/mitech/it-services.html]
[htmldemo.net/mitech/managed-it-service.html]
[htmldemo.net/mitech/industries.html]
[htmldemo.net/mitech/business-solution.html]
[htmldemo.net/mitech/assets/images/bg/mitech-home-infotechno-box-large-image-03-540x320.webp]
[htmldemo.net/mitech/it-services-details.html]
[htmldemo.net/mitech/case-studies-02.html]
[htmldemo.net/mitech/assets/images/icons/mitech-aqua-logo-83x108.webp]
[htmldemo.net/mitech/assets/images/projects/case-study-02-120x80.webp]
[htmldemo.net/mitech/assets/images/projects/case-study-03-120x80.webp]
[htmldemo.net/mitech/single-smart-vision.html]
[htmldemo.net/mitech/assets/images/blog/blog-01-540x330.webp]
[htmldemo.net/mitech/assets/images/blog/blog-08-540x330.webp]
[htmldemo.net/mitech/assets/images/blog/blog-07-540x330.webp]
[htmldemo.net/mitech/assets/images/blog/blog-05-540x330.webp]
[htmldemo.net/mitech/blog-list-left-large-image.html]
[htmldemo.net/mitech/assets/images/blog/blog-02-540x330.webp]
[htmldemo.net/mitech/assets/images/blog/blog-08-370x230.webp]
[htmldemo.net/mitech/assets/images/blog/blog-07-370x230.webp]
[htmldemo.net/mitech/assets/images/blog/blog-05-370x230.webp]
[htmldemo.net/mitech/blog-grid-classic.html]
[htmldemo.net/mitech/assets/images/blog/blog-01-370x370.webp]
[htmldemo.net/mitech/assets/images/blog/blog-08-370x247.webp]
[htmldemo.net/mitech/assets/images/blog/blog-02-370x246.webp]
[htmldemo.net/mitech/assets/images/blog/blog-05-370x208.webp]
[htmldemo.net/mitech/blog-grid-masonry.html]
[htmldemo.net/mitech/assets/images/blog/blog-02-770x400.webp]
[htmldemo.net/mitech/assets/images/team/avatar-06-90x90.webp]
[htmldemo.net/mitech/assets/images/team/coment.webp]
[htmldemo.net/mitech/assets/images/team/comment-2.webp]
[htmldemo.net/mitech/assets/images/team/comment-3.webp]
[htmldemo.net/mitech/assets/images/team/reply-comm.webp]
[htmldemo.net/mitech/blog-post-layout-one.html]
[htmldemo.net/mitech/assets/images/blog/blog-07-770x400.webp]
[htmldemo.net/mitech/blog-post-right-sidebar.html]
[htmldemo.net/mitech/assets/images/blog/blog-05-1170x570.webp]
[htmldemo.net/mitech/blog-post-no-sidebar.html]
[htmldemo.net/mitech/assets/images/svg/linea-basic-heart.svg]
[htmldemo.net/mitech/assets/images/svg/linea-basic-case.svg]
[htmldemo.net/mitech/assets/images/svg/linea-basic-alarm.svg]
[htmldemo.net/mitech/assets/images/svg/linea-basic-geolocalize-05.svg]
[htmldemo.net/mitech/assets/images/svg/linea-ecommerce-money.svg]
[htmldemo.net/mitech/assets/images/svg/linea-basic-spread-text-bookmark.svg]
[htmldemo.net/mitech/assets/images/svg/linea-music-headphones.svg]
[htmldemo.net/mitech/assets/images/svg/linea-basic-gear.svg]
[htmldemo.net/mitech/rtl/assets/fonts/webfonts/fa-brands-400.eot]
[htmldemo.net/mitech/rtl/assets/fonts/webfonts/fa-brands-400d41d.eot]
[htmldemo.net/mitech/rtl/assets/fonts/webfonts/fa-brands-400.woff2]
[htmldemo.net/mitech/rtl/assets/fonts/webfonts/fa-brands-400.woff]
[htmldemo.net/mitech/rtl/assets/fonts/webfonts/fa-brands-400.ttf]
[htmldemo.net/mitech/rtl/assets/fonts/webfonts/fa-brands-400.svg]
[htmldemo.net/mitech/rtl/assets/fonts/webfonts/fa-regular-400.eot]
[htmldemo.net/mitech/rtl/assets/fonts/webfonts/fa-regular-400d41d.eot]
[htmldemo.net/mitech/rtl/assets/fonts/webfonts/fa-regular-400.woff2]
[htmldemo.net/mitech/rtl/assets/fonts/webfonts/fa-regular-400.woff]
[htmldemo.net/mitech/rtl/assets/fonts/webfonts/fa-regular-400.ttf]
[htmldemo.net/mitech/rtl/assets/fonts/webfonts/fa-regular-400.svg]
[htmldemo.net/mitech/rtl/assets/fonts/webfonts/fa-solid-900.eot]
[htmldemo.net/mitech/rtl/assets/fonts/webfonts/fa-solid-900d41d.eot]
[htmldemo.net/mitech/rtl/assets/fonts/webfonts/fa-solid-900.woff2]
[htmldemo.net/mitech/rtl/assets/fonts/webfonts/fa-solid-900.woff]
[htmldemo.net/mitech/rtl/assets/fonts/webfonts/fa-solid-900.ttf]
[htmldemo.net/mitech/rtl/assets/css/vendor/vendor.min.css]
[htmldemo.net/mitech/rtl/assets/fonts/webfonts/fa-solid-900.svg]
[htmldemo.net/mitech/rtl/assets/fonts/lgd641.eot]
[htmldemo.net/mitech/rtl/assets/fonts/lgd41d.eot]
[htmldemo.net/mitech/rtl/assets/fonts/lgd641.woff]
[htmldemo.net/mitech/rtl/assets/fonts/lgd641.ttf]
[htmldemo.net/mitech/rtl/assets/fonts/lgd641.svg]
[htmldemo.net/mitech/rtl/assets/css/img/vimeo-play.webp]
[htmldemo.net/mitech/rtl/assets/css/img/video-play.webp]
[htmldemo.net/mitech/rtl/assets/css/img/youtube-play.webp]
[htmldemo.net/mitech/rtl/assets/img/loading.gif]
[htmldemo.net/mitech/rtl/assets/css/plugins/plugins.min.css]
[htmldemo.net/mitech/rtl/assets/images/icons/selector-icon.webp]
[htmldemo.net/mitech/rtl/assets/images/bg/title-bar-01-bg.webp]
[htmldemo.net/mitech/rtl/assets/images/icons/light-close.webp]
[htmldemo.net/mitech/rtl/assets/images/patterns/mitech-call-to-action-image-global.webp]
[htmldemo.net/mitech/rtl/assets/images/patterns/mitech-home-appointment-call-to-action-bg-image.webp]
[htmldemo.net/mitech/rtl/assets/images/bg/home-resolutions-hero-bg-image.webp]
[htmldemo.net/mitech/rtl/assets/images/patterns/mitech-home-infotechno-case-study-section-bg.webp]
[htmldemo.net/mitech/rtl/assets/images/bg/home-appointment-contact-bg-image.webp]
[htmldemo.net/mitech/rtl/assets/images/bg/mitech-home-services-contact-bg.webp]
[htmldemo.net/mitech/rtl/assets/images/bg/mitech-processing-contact-bg.webp]
[htmldemo.net/mitech/rtl/assets/images/bg/home-infotechno-contact-bg.webp]
[htmldemo.net/mitech/rtl/assets/images/icons/quote.webp]
[htmldemo.net/mitech/rtl/assets/images/icons/metro-quote.webp]
[htmldemo.net/mitech/rtl/assets/images/patterns/mitech-home-infotechno-section-company-bg.webp]
[htmldemo.net/mitech/rtl/assets/images/bg/home-infotechno-video-intro-bg.webp]
[htmldemo.net/mitech/rtl/assets/images/hero/slider-processing-slide-01-bg.webp]
[htmldemo.net/mitech/rtl/assets/images/hero/home-appointment-hero-bg-image.webp]
[htmldemo.net/mitech/rtl/assets/images/hero/home-services-hero-bg.webp]
[htmldemo.net/mitech/rtl/assets/images/icons/hero-selector-icon.webp]
[htmldemo.net/mitech/rtl/assets/images/hero/home-resolutions-hero-bg-image.webp]
[htmldemo.net/mitech/rtl/assets/images/bg/contact-us-01-hero-bg.webp]
[htmldemo.net/mitech/rtl/assets/images/bg/mitech-slider-cybersecurity-global-image.webp]
[htmldemo.net/mitech/rtl/assets/images/hero/mitech-landing-main-slider-bg.webp]
[htmldemo.net/mitech/rtl/assets/images/preview/mitech-landing-header-preview-bg.webp]
[htmldemo.net/mitech/rtl/assets/images/preview/mitech-landing-footer-bg-01.webp]
[htmldemo.net/mitech/rtl/assets/images/bg/bg-gird-pattern-repeat-alt.webp]
[htmldemo.net/mitech/rtl/assets/images/patterns/home-reputable-success-about-shape.webp]
[htmldemo.net/mitech/rtl/assets/images/bg/home-reputable-success-section-story-bg.webp]
[htmldemo.net/mitech/rtl/assets/images/hero/new-slider-bg.webp]
[htmldemo.net/mitech/rtl/assets/images/bg/n-1-bg.webp]
[htmldemo.net/mitech/rtl/assets/images/bg/n-2-bg.webp]
[htmldemo.net/mitech/rtl/assets/images/bg/new-cta-bg.webp]
[htmldemo.net/mitech/rtl/assets/images/bg/n-3-bg.webp]
[htmldemo.net/mitech/rtl/assets/images/bg/soft-s2-bg.webp]
[htmldemo.net/mitech/rtl/assets/images/bg/soft-s5-bg.webp]
[htmldemo.net/mitech/rtl/assets/css/style.css]
[htmldemo.net/mitech/rtl/about-us-01.html]
[htmldemo.net/mitech/rtl/about-us-02.html]
[htmldemo.net/mitech/rtl/contact-us.html]
[htmldemo.net/mitech/rtl/leadership.html]
[htmldemo.net/mitech/rtl/why-choose-us.html]
[htmldemo.net/mitech/rtl/our-history.html]
[htmldemo.net/mitech/rtl/faqs.html]
[htmldemo.net/mitech/rtl/careers.html]
[htmldemo.net/mitech/rtl/pricing-plans.html]
[htmldemo.net/mitech/rtl/it-services.html]
[htmldemo.net/mitech/rtl/managed-it-service.html]
[htmldemo.net/mitech/rtl/industries.html]
[htmldemo.net/mitech/rtl/business-solution.html]
[htmldemo.net/mitech/rtl/it-services-details.html]
[htmldemo.net/mitech/rtl/case-studies-02.html]
[htmldemo.net/mitech/rtl/single-smart-vision.html]
[htmldemo.net/mitech/rtl/blog-list-left-large-image.html]
[htmldemo.net/mitech/rtl/blog-grid-classic.html]
[htmldemo.net/mitech/rtl/blog-grid-masonry.html]
[htmldemo.net/mitech/rtl/blog-post-layout-one.html]
[htmldemo.net/mitech/rtl/blog-post-right-sidebar.html]
[htmldemo.net/mitech/rtl/blog-post-no-sidebar.html]
[htmldemo.net/mitech/rtl/assets/images/flags/en.webp]
[htmldemo.net/mitech/rtl/assets/images/flags/fr.webp]
[htmldemo.net/mitech/rtl/assets/images/flags/de.webp]
[htmldemo.net/mitech/rtl/assets/images/logo/dark-logo-160x48.webp]
[htmldemo.net/mitech/rtl/assets/images/icons/aeroland-button-google-play.webp]
[htmldemo.net/mitech/rtl/element-accordion.html]
[htmldemo.net/mitech/rtl/assets/images/icons/aeroland-button-app-store.webp]
[htmldemo.net/mitech/rtl/assets/images/svg/linea-basic-heart.svg]
[htmldemo.net/mitech/rtl/assets/images/svg/linea-basic-case.svg]
[htmldemo.net/mitech/rtl/assets/images/svg/linea-basic-alarm.svg]
[htmldemo.net/mitech/rtl/assets/images/svg/linea-basic-geolocalize-05.svg]
[htmldemo.net/mitech/rtl/assets/images/svg/linea-ecommerce-money.svg]
[htmldemo.net/mitech/rtl/assets/images/svg/linea-basic-spread-text-bookmark.svg]
[htmldemo.net/mitech/rtl/assets/images/svg/linea-music-headphones.svg]
[htmldemo.net/mitech/rtl/element-box-icon.html]
[htmldemo.net/mitech/rtl/assets/images/svg/linea-basic-gear.svg]
[htmldemo.net/mitech/rtl/assets/images/icons/mitech-box-image-style-01-image-01-100x108.webp]
[htmldemo.net/mitech/rtl/assets/images/icons/mitech-box-image-style-01-image-02-100x108.webp]
[htmldemo.net/mitech/rtl/assets/images/icons/mitech-box-image-style-01-image-03-100x108.webp]
[htmldemo.net/mitech/rtl/assets/images/icons/mitech-box-image-style-01-image-04-100x108.webp]
[htmldemo.net/mitech/rtl/assets/images/icons/mitech-box-image-style-01-image-05-100x108.webp]
[htmldemo.net/mitech/rtl/assets/images/icons/mitech-box-image-style-01-image-06-100x108.webp]
[htmldemo.net/mitech/rtl/assets/images/icons/mitech-processing-service-image-06-80x83.webp]
[htmldemo.net/mitech/rtl/assets/images/icons/mitech-box-image-style-05-image-01-60x60.webp]
[htmldemo.net/mitech/rtl/assets/images/icons/mitech-box-image-style-05-image-02-60x60.webp]
[htmldemo.net/mitech/rtl/assets/images/icons/mitech-box-image-style-05-image-03-60x60.webp]
[htmldemo.net/mitech/rtl/assets/images/icons/mitech-box-image-style-05-image-04-60x60.webp]
[htmldemo.net/mitech/rtl/assets/images/icons/mitech-box-image-style-05-image-05-60x60.webp]
[htmldemo.net/mitech/rtl/assets/images/icons/mitech-box-image-style-05-image-06-60x60.webp]
[htmldemo.net/mitech/rtl/assets/images/icons/mitech-home-resolutions-box-image-01-100x98.webp]
[htmldemo.net/mitech/rtl/assets/images/icons/mitech-home-resolutions-box-image-01-hover-100x98.webp]
[htmldemo.net/mitech/rtl/assets/images/icons/mitech-home-resolutions-box-image-02-100x98.webp]
[htmldemo.net/mitech/rtl/assets/images/icons/mitech-home-resolutions-box-image-02-hover-100x98.webp]
[htmldemo.net/mitech/rtl/assets/images/icons/mitech-home-resolutions-box-image-03-100x98.webp]
[htmldemo.net/mitech/rtl/assets/images/icons/mitech-home-resolutions-box-image-03-hover-100x98.webp]
[htmldemo.net/mitech/rtl/assets/images/icons/mitech-box-image-style-06-image-01-120x120.webp]
[htmldemo.net/mitech/rtl/assets/images/icons/mitech-box-image-style-06-image-02-120x120.webp]
[htmldemo.net/mitech/rtl/element-box-image.html]
[htmldemo.net/mitech/rtl/assets/images/icons/mitech-box-image-style-06-image-03-120x120.webp]
[htmldemo.net/mitech/rtl/assets/images/box-image/blog-01-330x330.webp]
[htmldemo.net/mitech/rtl/assets/images/box-image/mitech-home-infotechno-box-large-image-02-330x330.webp]
[htmldemo.net/mitech/rtl/assets/images/box-image/mitech-home-infotechno-box-large-image-03-330x330.webp]
[htmldemo.net/mitech/rtl/assets/images/box-image/blog-01-480x298.webp]
[htmldemo.net/mitech/rtl/assets/images/box-image/mitech-home-infotechno-box-large-image-03-480x298.webp]
[htmldemo.net/mitech/rtl/assets/images/box-image/mitech-home-infotechno-box-large-image-02-480x298.webp]
[htmldemo.net/mitech/rtl/element-box-large-image.html]
[htmldemo.net/mitech/rtl/assets/images/icons/aeroland-black-button-google-play.webp]
[htmldemo.net/mitech/rtl/element-buttons.html]
[htmldemo.net/mitech/rtl/element-cta.html]
[htmldemo.net/mitech/rtl/assets/images/brand/mitech-client-logo-01.webp]
[htmldemo.net/mitech/rtl/assets/images/brand/mitech-client-logo-01-hover.webp]
[htmldemo.net/mitech/rtl/assets/images/brand/mitech-client-logo-02.webp]
[htmldemo.net/mitech/rtl/assets/images/brand/mitech-client-logo-02-hover.webp]
[htmldemo.net/mitech/rtl/assets/images/brand/mitech-client-logo-03.webp]
[htmldemo.net/mitech/rtl/assets/images/brand/mitech-client-logo-03-hover.webp]
[htmldemo.net/mitech/rtl/assets/images/brand/mitech-client-logo-04.webp]
[htmldemo.net/mitech/rtl/assets/images/brand/mitech-client-logo-04-hover.webp]
[htmldemo.net/mitech/rtl/assets/images/brand/mitech-client-logo-05.webp]
[htmldemo.net/mitech/rtl/assets/images/brand/mitech-client-logo-05-hover.webp]
[htmldemo.net/mitech/rtl/assets/images/brand/mitech-client-logo-06.webp]
[htmldemo.net/mitech/rtl/assets/images/brand/mitech-client-logo-06-hover.webp]
[htmldemo.net/mitech/rtl/assets/images/brand/mitech-client-logo-07.webp]
[htmldemo.net/mitech/rtl/assets/images/brand/mitech-client-logo-07-hover.webp]
[htmldemo.net/mitech/rtl/assets/images/brand/mitech-client-logo-08.webp]
[htmldemo.net/mitech/rtl/assets/images/brand/mitech-client-logo-08-hover.webp]
[htmldemo.net/mitech/rtl/assets/images/brand/mitech-client-logo-09.webp]
[htmldemo.net/mitech/rtl/assets/images/brand/mitech-client-logo-09-hover.webp]
[htmldemo.net/mitech/rtl/element-client-logo.html]
[htmldemo.net/mitech/rtl/element-countdown.html]
[htmldemo.net/mitech/rtl/element-counters.html]
[htmldemo.net/mitech/rtl/element-dividers.html]
[htmldemo.net/mitech/rtl/assets/images/blog/blog-02-1170x600.webp]
[htmldemo.net/mitech/rtl/assets/images/blog/blog-03-1170x600.webp]
[htmldemo.net/mitech/rtl/assets/images/blog/blog-04-1170x600.webp]
[htmldemo.net/mitech/rtl/assets/images/blog/blog-05-1170x600.webp]
[htmldemo.net/mitech/rtl/assets/images/blog/blog-02-500x338.webp]
[htmldemo.net/mitech/rtl/assets/images/blog/blog-03-500x338.webp]
[htmldemo.net/mitech/rtl/assets/images/blog/blog-04-500x338.webp]
[htmldemo.net/mitech/rtl/assets/images/blog/blog-05-500x338.webp]
[htmldemo.net/mitech/rtl/assets/images/blog/blog-02-900x678.webp]
[htmldemo.net/mitech/rtl/assets/images/blog/blog-03-900x678.webp]
[htmldemo.net/mitech/rtl/assets/images/blog/blog-04-900x678.webp]
[htmldemo.net/mitech/rtl/assets/images/blog/blog-05-900x678.webp]
[htmldemo.net/mitech/rtl/assets/images/blog/blog-02-1018x678.webp]
[htmldemo.net/mitech/rtl/assets/images/blog/blog-03-1017x678.webp]
[htmldemo.net/mitech/rtl/assets/images/blog/blog-04-1034x678.webp]
[htmldemo.net/mitech/rtl/assets/images/blog/blog-05-1206x678.webp]
[htmldemo.net/mitech/rtl/element-flexible-image-slider.html]
[htmldemo.net/mitech/rtl/element-google-map.html]
[htmldemo.net/mitech/rtl/element-gradation.html]
[htmldemo.net/mitech/rtl/element-instagram.html]
[htmldemo.net/mitech/rtl/element-lists.html]
[htmldemo.net/mitech/rtl/element-message-box.html]
[htmldemo.net/mitech/rtl/assets/images/bg/home-processing-video-intro-slider-slide-01-image-01-570x420.webp]
[htmldemo.net/mitech/rtl/element-popup-video.html]
[htmldemo.net/mitech/rtl/assets/images/icons/mitech-pricing-box-icon-01-90x90.webp]
[htmldemo.net/mitech/rtl/assets/images/icons/mitech-pricing-box-icon-02-88x88.webp]
[htmldemo.net/mitech/rtl/assets/images/icons/mitech-pricing-box-icon-03-90x90.webp]
[htmldemo.net/mitech/rtl/element-pricing-box.html]
[htmldemo.net/mitech/rtl/element-progress-bar.html]
[htmldemo.net/mitech/rtl/element-progress-circle.html]
[htmldemo.net/mitech/rtl/assets/js/plugins/wow.min.js]
[htmldemo.net/mitech/rtl/assets/js/plugins/swiper.min.js]
[htmldemo.net/mitech/rtl/assets/js/plugins/lightgallery.min.js]
[htmldemo.net/mitech/rtl/assets/js/plugins/waypoints.min.js]
[htmldemo.net/mitech/rtl/assets/js/plugins/countdown.min.js]
[htmldemo.net/mitech/rtl/assets/js/plugins/isotope.min.js]
[htmldemo.net/mitech/rtl/assets/js/plugins/masonry.min.js]
[htmldemo.net/mitech/rtl/assets/js/plugins/images-loaded.min.js]
[htmldemo.net/mitech/rtl/assets/js/plugins/wavify.js]
[htmldemo.net/mitech/rtl/assets/js/plugins/jquery.wavify.js]
[htmldemo.net/mitech/rtl/assets/js/plugins/circle-progress.min.js]
[htmldemo.net/mitech/rtl/assets/js/plugins/counterup.min.js]
[htmldemo.net/mitech/rtl/assets/js/plugins/animation-text.min.js]
[htmldemo.net/mitech/rtl/assets/js/plugins/vivus.min.js]
[htmldemo.net/mitech/rtl/element-rows-columns.html]
[htmldemo.net/mitech/rtl/element-social-networks.html]
[htmldemo.net/mitech/rtl/assets/js/plugins/some-plugins.js]
[htmldemo.net/mitech/rtl/assets/images/bg/home-processing-video-intro-slider-slide-01-image-01-570x350.webp]
[htmldemo.net/mitech/rtl/assets/images/award/mitech-company-award-01-161x110.webp]
[htmldemo.net/mitech/rtl/assets/images/award/mitech-company-award-02-161x116.webp]
[htmldemo.net/mitech/rtl/assets/images/award/mitech-company-award-03-161x112.webp]
[htmldemo.net/mitech/rtl/assets/images/award/mitech-company-award-04-161x109.webp]
[htmldemo.net/mitech/rtl/element-tabs.html]
[htmldemo.net/mitech/rtl/assets/images/team/team-member-01-370x250.webp]
[htmldemo.net/mitech/rtl/assets/images/team/team-member-07-370x250.webp]
[htmldemo.net/mitech/rtl/assets/images/team/team-member-04-370x250.webp]
[htmldemo.net/mitech/rtl/assets/images/team/team-member-02-370x250.webp]
[htmldemo.net/mitech/rtl/assets/images/team/team-member-07-370x455.webp]
[htmldemo.net/mitech/rtl/assets/images/team/team-member-01-370x455.webp]
[htmldemo.net/mitech/rtl/assets/images/team/team-member-06-370x455.webp]
[htmldemo.net/mitech/rtl/assets/images/team/team-member-04-370x452.webp]
[htmldemo.net/mitech/rtl/assets/images/team/team-member-05-370x452.webp]
[htmldemo.net/mitech/rtl/assets/images/team/team-member-03-370x452.webp]
[htmldemo.net/mitech/rtl/element-team-member.html]
[htmldemo.net/mitech/rtl/assets/images/team/team-member-02-370x452.webp]
[htmldemo.net/mitech/rtl/assets/images/testimonial/mitech-testimonial-avata-02-90x90.webp]
[htmldemo.net/mitech/rtl/assets/images/testimonial/mitech-testimonial-avata-03-90x90.webp]
[htmldemo.net/mitech/rtl/assets/images/testimonial/mitech-testimonial-avata-04-90x90.webp]
[htmldemo.net/mitech/rtl/assets/images/testimonial/mitech-testimonial-avata-01-90x90.webp]
[htmldemo.net/mitech/rtl/assets/images/testimonial/mitech-testimonial-avata-04-70x70.webp]
[htmldemo.net/mitech/rtl/assets/images/testimonial/mitech-testimonial-avata-02-70x70.webp]
[htmldemo.net/mitech/rtl/assets/images/testimonial/mitech-testimonial-avata-01-70x70.webp]
[htmldemo.net/mitech/rtl/assets/images/testimonial/mitech-testimonial-avata-03-70x70.webp]
[htmldemo.net/mitech/rtl/element-testimonials.html]
[htmldemo.net/mitech/rtl/assets/images/timeline/timeline-image-01.webp]
[htmldemo.net/mitech/rtl/assets/images/timeline/timeline-image-02.webp]
[htmldemo.net/mitech/rtl/assets/images/timeline/blog-07-500x350.webp]
[htmldemo.net/mitech/rtl/element-timeline.html]
[htmldemo.net/mitech/rtl/element-carousel-sliders.html]
[htmldemo.net/mitech/rtl/element-typed-text.html]
[htmldemo.net/mitech/rtl/assets/images/projects/case-study-01-480x298.webp]
[htmldemo.net/mitech/rtl/assets/images/projects/case-study-02-480x298.webp]
[htmldemo.net/mitech/rtl/assets/images/projects/case-study-03-480x298.webp]
[htmldemo.net/mitech/rtl/assets/images/projects/case-study-04-480x298.webp]
[htmldemo.net/mitech/rtl/index-appointment.html]
[htmldemo.net/mitech/rtl/assets/images/hero/home-infotechno-main-slider-slide-01-image-01.webp]
[htmldemo.net/mitech/rtl/assets/images/hero/home-infotechno-main-slider-slide-01-image-02.webp]
[htmldemo.net/mitech/rtl/assets/images/blog/blog-03-370x230.webp]
[htmldemo.net/mitech/rtl/assets/images/blog/blog-02-370x230.webp]
[htmldemo.net/mitech/rtl/index-infotechno.html]
[htmldemo.net/mitech/rtl/assets/images/hero/slider-processing-slide-01-image-01.webp]
[htmldemo.net/mitech/rtl/assets/images/banners/home-processing-video-intro-slider-slide-01-image-02.webp]
[htmldemo.net/mitech/rtl/assets/images/banners/home-processing-video-intro-slider-slide-01-image-03.webp]
[htmldemo.net/mitech/rtl/assets/images/banners/home-processing-video-intro-slider-slide-01-image-01.webp]
[htmldemo.net/mitech/rtl/assets/images/banners/home-processing-video-intro-slider-slide-01-image-04.webp]
[htmldemo.net/mitech/rtl/assets/images/banners/home-processing-video-intro-slider-slide-01-image-05.webp]
[htmldemo.net/mitech/rtl/index-processing.html]
[htmldemo.net/mitech/rtl/assets/images/features/home-services-case-study-slide-image-01.webp]
[htmldemo.net/mitech/rtl/assets/images/features/home-services-case-study-slide-image-02.webp]
[htmldemo.net/mitech/rtl/assets/images/blog/blog-03-540x330.webp]
[htmldemo.net/mitech/rtl/assets/images/team/admin.webp]
[htmldemo.net/mitech/rtl/assets/images/blog/blog-01-480x312.webp]
[htmldemo.net/mitech/rtl/assets/images/blog/blog-08-480x312.webp]
[htmldemo.net/mitech/rtl/assets/images/team/admin-02.webp]
[htmldemo.net/mitech/rtl/assets/images/blog/blog-07-480x312.webp]
[htmldemo.net/mitech/rtl/index-services.html]
[htmldemo.net/mitech/rtl/index-resolutions.html]
[htmldemo.net/mitech/rtl/assets/images/hero/mitech-slider-cybersecurity-global-image.webp]
[htmldemo.net/mitech/rtl/assets/images/hero/slider-cybersecurity-slide-01-image-01.webp]
[htmldemo.net/mitech/rtl/assets/images/other/mitech-slider-client-logos-logo-02.webp]
[htmldemo.net/mitech/rtl/assets/images/other/mitech-slider-client-logos-logo-03.webp]
[htmldemo.net/mitech/rtl/assets/images/other/mitech-slider-client-logos-logo-04.webp]
[htmldemo.net/mitech/rtl/assets/images/other/mitech-slider-client-logos-logo-05.webp]
[htmldemo.net/mitech/rtl/assets/images/other/mitech-slider-client-logos-logo-01.webp]
[htmldemo.net/mitech/rtl/assets/images/other/mitech-slider-client-logos-logo-06.webp]
[htmldemo.net/mitech/rtl/assets/images/other/mitech-slider-client-logos-logo-07.webp]
[htmldemo.net/mitech/rtl/assets/images/banners/home-cybersecurity-contact-bg-image.webp]
[htmldemo.net/mitech/rtl/index-cybersecurity.html]
[htmldemo.net/mitech/rtl/assets/images/hero/home-reputable-success.webp]
[htmldemo.net/mitech/rtl/assets/images/icons/green-curve-arrow.webp]
[htmldemo.net/mitech/rtl/assets/images/testimonial/home-reputable-success-about-image.webp]
[htmldemo.net/mitech/rtl/assets/images/icons/mitech-processing-service-image-01-100x104.webp]
[htmldemo.net/mitech/rtl/assets/images/icons/mitech-processing-service-image-02-100x104.webp]
[htmldemo.net/mitech/rtl/assets/images/icons/mitech-processing-service-image-03-100x104.webp]
[htmldemo.net/mitech/rtl/assets/images/icons/mitech-processing-service-image-04-100x104.webp]
[htmldemo.net/mitech/rtl/assets/images/icons/mitech-processing-service-image-05-100x104.webp]
[htmldemo.net/mitech/rtl/assets/images/icons/mitech-processing-service-image-06-100x104.webp]
[htmldemo.net/mitech/rtl/assets/images/projects/home-reputable-success-client-image-05-480x360.webp]
[htmldemo.net/mitech/rtl/assets/images/icons/home-reputable-success-client-logo-04.webp]
[htmldemo.net/mitech/rtl/assets/images/projects/home-reputable-success-client-image-06-480x360.webp]
[htmldemo.net/mitech/rtl/assets/images/icons/home-reputable-success-client-logo-06.webp]
[htmldemo.net/mitech/rtl/assets/images/projects/home-reputable-success-client-image-01-480x360.webp]
[htmldemo.net/mitech/rtl/assets/images/icons/home-reputable-success-client-logo-01.webp]
[htmldemo.net/mitech/rtl/assets/images/projects/home-reputable-success-client-image-02-480x360.webp]
[htmldemo.net/mitech/rtl/assets/images/icons/home-reputable-success-client-logo-02.webp]
[htmldemo.net/mitech/rtl/assets/images/projects/home-reputable-success-client-image-03-480x360.webp]
[htmldemo.net/mitech/rtl/assets/images/icons/home-reputable-success-client-logo-03.webp]
[htmldemo.net/mitech/rtl/assets/images/logo/primary-white-logo-160x47.webp]
[htmldemo.net/mitech/rtl/index-modern-it-company.html]
[htmldemo.net/mitech/rtl/assets/images/banners/n-popup.webp]
[htmldemo.net/mitech/rtl/assets/images/icons/n-icon-1.webp]
[htmldemo.net/mitech/rtl/assets/images/icons/n-icon-1-white.webp]
[htmldemo.net/mitech/rtl/assets/images/icons/n-icon-2.webp]
[htmldemo.net/mitech/rtl/assets/images/icons/n-icon-2-white.webp]
[htmldemo.net/mitech/rtl/assets/images/icons/n-icon-3.webp]
[htmldemo.net/mitech/rtl/assets/images/icons/n-icon-3-white.webp]
[htmldemo.net/mitech/rtl/assets/images/testimonial/home-cybersecurity-contact-bg-image.webp]
[htmldemo.net/mitech/rtl/assets/images/testimonial/home-infotechno-main-slider-slide-01-image-02-587x572.webp]
[htmldemo.net/mitech/rtl/index-machine-learning.html]
[htmldemo.net/mitech/rtl/assets/images/hero/soft-01.webp]
[htmldemo.net/mitech/rtl/assets/images/icons/soft-s1-01-120x120.webp]
[htmldemo.net/mitech/rtl/assets/images/icons/soft-s1-02-120x120.webp]
[htmldemo.net/mitech/rtl/assets/images/icons/soft-s1-03-120x120.webp]
[htmldemo.net/mitech/rtl/assets/images/banners/soft-s2-01.webp]
[htmldemo.net/mitech/rtl/assets/images/icons/soft-s3-01.webp]
[htmldemo.net/mitech/rtl/assets/images/icons/soft-s3-02.webp]
[htmldemo.net/mitech/rtl/assets/images/icons/soft-s3-03.webp]
[htmldemo.net/mitech/rtl/assets/images/icons/soft-s3-04.webp]
[htmldemo.net/mitech/rtl/assets/images/icons/soft-s3-05.webp]
[htmldemo.net/mitech/rtl/assets/images/icons/soft-s3-06.webp]
[htmldemo.net/mitech/rtl/assets/images/icons/soft-s3-07.webp]
[htmldemo.net/mitech/rtl/assets/images/icons/soft-s3-08.webp]
[htmldemo.net/mitech/rtl/assets/images/banners/soft-s5-img.webp]
[htmldemo.net/mitech/rtl/assets/images/blog/blog-01-370x230.webp]
[htmldemo.net/mitech/rtl/index-software-innovation.html]
[htmldemo.net/mitech/rtl/assets/images/projects/case-study-05-480x298.webp]
[htmldemo.net/mitech/rtl/assets/images/projects/case-study-06-480x298.webp]
[htmldemo.net/mitech/rtl/case-studies.html]
[htmldemo.net/mitech/rtl/assets/images/blog/blog-sidebar-ads.webp]
[htmldemo.net/mitech/rtl/assets/images/blog/blog-08-770x420.webp]
[htmldemo.net/mitech/rtl/assets/images/blog/blog-07-770x420.webp]
[htmldemo.net/mitech/rtl/assets/images/blog/blog-05-770x420.webp]
[htmldemo.net/mitech/rtl/assets/images/blog/blog-02-770x420.webp]
[htmldemo.net/mitech/rtl/blog-list-large-image.html]
[htmldemo.net/mitech/rtl/assets/fonts/webfonts/fa-brands-400.svg]
[htmldemo.net/mitech/rtl/assets/fonts/webfonts/fa-regular-400.svg]
[htmldemo.net/mitech/rtl/assets/fonts/webfonts/fa-solid-900.svg]
[htmldemo.net/mitech/rtl/assets/fonts/lgd641.svg]
[htmldemo.net/mitech/rtl/assets/css/img/vimeo-play.html]
[htmldemo.net/mitech/rtl/assets/css/img/video-play.html]
[htmldemo.net/mitech/rtl/assets/css/img/youtube-play.html]
[htmldemo.net/mitech/rtl/assets/img/loading.html]
[htmldemo.net/mitech/rtl/assets/images/icons/metro-quote.html]
[htmldemo.net/mitech/rtl/assets/images/banners/managed-it-services-book-cover.webp]
[htmldemo.net/mitech/rtl/about-us-01.html]
[htmldemo.net/mitech/rtl/assets/images/gallery/blog-07-960x960.webp]
[htmldemo.net/mitech/rtl/assets/images/gallery/careers-gallery-image-01-960x960.webp]
[htmldemo.net/mitech/rtl/assets/images/gallery/blog-08-960x960.webp]
[htmldemo.net/mitech/rtl/assets/images/gallery/blog-06-960x960.webp]
[htmldemo.net/mitech/rtl/about-us-02.html]
[htmldemo.net/mitech/rtl/contact-us.html]
[htmldemo.net/mitech/rtl/leadership.html]
[htmldemo.net/mitech/rtl/why-choose-us.html]
[htmldemo.net/mitech/rtl/our-history.html]
[htmldemo.net/mitech/rtl/assets/images/bg/faqs-video-poster.webp]
[htmldemo.net/mitech/rtl/faqs.html]
[htmldemo.net/mitech/rtl/careers.html]
[htmldemo.net/mitech/rtl/pricing-plans.html]
[htmldemo.net/mitech/rtl/it-services.html]
[htmldemo.net/mitech/rtl/managed-it-service.html]
[htmldemo.net/mitech/rtl/industries.html]
[htmldemo.net/mitech/rtl/business-solution.html]
[htmldemo.net/mitech/rtl/assets/images/bg/mitech-home-infotechno-box-large-image-03-540x320.webp]
[htmldemo.net/mitech/rtl/it-services-details.html]
[htmldemo.net/mitech/rtl/case-studies-02.html]
[htmldemo.net/mitech/rtl/assets/images/icons/mitech-aqua-logo-83x108.webp]
[htmldemo.net/mitech/rtl/assets/images/projects/case-study-02-120x80.webp]
[htmldemo.net/mitech/rtl/assets/images/projects/case-study-03-120x80.webp]
[htmldemo.net/mitech/rtl/single-smart-vision.html]
[htmldemo.net/mitech/rtl/assets/images/blog/blog-01-540x330.webp]
[htmldemo.net/mitech/rtl/assets/images/blog/blog-08-540x330.webp]
[htmldemo.net/mitech/rtl/assets/images/blog/blog-07-540x330.webp]
[htmldemo.net/mitech/rtl/assets/images/blog/blog-05-540x330.webp]
[htmldemo.net/mitech/rtl/assets/images/blog/blog-02-540x330.webp]
[htmldemo.net/mitech/rtl/blog-list-left-large-image.html]
[htmldemo.net/mitech/rtl/assets/images/blog/blog-08-370x230.webp]
[htmldemo.net/mitech/rtl/assets/images/blog/blog-07-370x230.webp]
[htmldemo.net/mitech/rtl/assets/images/blog/blog-05-370x230.webp]
[htmldemo.net/mitech/rtl/blog-grid-classic.html]
[htmldemo.net/mitech/rtl/assets/images/blog/blog-01-370x370.webp]
[htmldemo.net/mitech/rtl/assets/images/blog/blog-08-370x247.webp]
[htmldemo.net/mitech/rtl/assets/images/blog/blog-02-370x246.webp]
[htmldemo.net/mitech/rtl/blog-grid-masonry.html]
[htmldemo.net/mitech/rtl/assets/images/blog/blog-05-370x208.webp]
[htmldemo.net/mitech/rtl/assets/images/blog/blog-02-770x400.webp]
[htmldemo.net/mitech/rtl/assets/images/team/avatar-06-90x90.webp]
[htmldemo.net/mitech/rtl/assets/images/team/coment.webp]
[htmldemo.net/mitech/rtl/assets/images/team/comment-2.webp]
[htmldemo.net/mitech/rtl/assets/images/team/comment-3.webp]
[htmldemo.net/mitech/rtl/assets/images/team/reply-comm.webp]
[htmldemo.net/mitech/rtl/blog-post-layout-one.html]
[htmldemo.net/mitech/rtl/assets/images/blog/blog-07-770x400.webp]
[htmldemo.net/mitech/rtl/blog-post-right-sidebar.html]
[htmldemo.net/mitech/rtl/assets/images/blog/blog-05-1170x570.webp]
[htmldemo.net/mitech/rtl/blog-post-no-sidebar.html]
[htmldemo.net/mitech/rtl/assets/images/svg/linea-basic-heart.svg]
[htmldemo.net/mitech/rtl/assets/images/svg/linea-basic-case.svg]
[htmldemo.net/mitech/rtl/assets/images/svg/linea-basic-alarm.svg]
[htmldemo.net/mitech/rtl/assets/images/svg/linea-basic-geolocalize-05.svg]
[htmldemo.net/mitech/rtl/assets/images/svg/linea-ecommerce-money.svg]
[htmldemo.net/mitech/rtl/assets/images/svg/linea-basic-spread-text-bookmark.svg]
[htmldemo.net/mitech/rtl/assets/images/svg/linea-music-headphones.svg]
[htmldemo.net/mitech/rtl/assets/images/svg/linea-basic-gear.svg]
